*********************************************************************
* LD Score Regression (LDSC)
* Version 3.0.1
* (C) 2014-2019 Brendan Bulik-Sullivan and Hilary Finucane
* Broad Institute of MIT and Harvard / MIT Department of Mathematics
* GNU General Public License v3
*********************************************************************
Call: 
./ldsc.py \
--out ${ALPS_WORKSPACE_ROOT}/ALPS_GENETIC_ARCHITECTURE/Gate5C/04_LDSC_results/BMI_GIANT_Locke2015 \
--rg ${ALPS_WORKSPACE_ROOT}/ALPS_GENETIC_ARCHITECTURE/03_LDSC/munged/mALPS.sumstats.gz,${ALPS_WORKSPACE_ROOT}/ALPS_GENETIC_ARCHITECTURE/03_LDSC/munged/left_ALPS.sumstats.gz,${ALPS_WORKSPACE_ROOT}/ALPS_GENETIC_ARCHITECTURE/03_LDSC/munged/right_ALPS.sumstats.gz,${ALPS_WORKSPACE_ROOT}/ALPS_GENETIC_ARCHITECTURE/Gate5C/03_LDSC_munged/BMI_GIANT_Locke2015.sumstats.gz \
--ref-ld-chr ${ALPS_WORKSPACE_ROOT}/ALPS_GENETIC_ARCHITECTURE/03_LDSC/reference/eur_w_ld_chr/ \
--w-ld-chr ${ALPS_WORKSPACE_ROOT}/ALPS_GENETIC_ARCHITECTURE/03_LDSC/reference/eur_w_ld_chr/ 

Beginning analysis at Sat Jul 25 13:25:03 2026
Reading summary statistics from ${ALPS_WORKSPACE_ROOT}/ALPS_GENETIC_ARCHITECTURE/03_LDSC/munged/mALPS.sumstats.gz ...
Read summary statistics for 1110506 SNPs.
Reading reference panel LD Score from ${ALPS_WORKSPACE_ROOT}/ALPS_GENETIC_ARCHITECTURE/03_LDSC/reference/eur_w_ld_chr/[1-22] ... (ldscore_fromlist)
Read reference panel LD Scores for 1290028 SNPs.
Removing partitioned LD Scores with zero variance.
Reading regression weight LD Score from ${ALPS_WORKSPACE_ROOT}/ALPS_GENETIC_ARCHITECTURE/03_LDSC/reference/eur_w_ld_chr/[1-22] ... (ldscore_fromlist)
Read regression weight LD Scores for 1290028 SNPs.
After merging with reference panel LD, 1105108 SNPs remain.
After merging with regression SNP LD, 1105108 SNPs remain.
Computing rg for phenotype 2/4
Reading summary statistics from ${ALPS_WORKSPACE_ROOT}/ALPS_GENETIC_ARCHITECTURE/03_LDSC/munged/left_ALPS.sumstats.gz ...
Read summary statistics for 1217311 SNPs.
After merging with summary statistics, 1105108 SNPs remain.
1105108 SNPs with valid alleles.

Heritability of phenotype 1
---------------------------
Total Observed scale h2: 0.3053 (0.0231)
Lambda GC: 1.1587
Mean Chi^2: 1.195
Intercept: 1.0031 (0.0077)
Ratio: 0.016 (0.0397)

Heritability of phenotype 2/4
-----------------------------
Total Observed scale h2: 0.2855 (0.0227)
Lambda GC: 1.1459
Mean Chi^2: 1.1818
Intercept: 1.0034 (0.0082)
Ratio: 0.0187 (0.0449)

Genetic Covariance
------------------
Total Observed scale gencov: 0.2895 (0.0223)
Mean z1*z2: 1.1315
Intercept: 0.95 (0.0078)

Genetic Correlation
-------------------
Genetic Correlation: 0.9806 (0.0029)
Z-score: 333.9506
P: 0.

Computing rg for phenotype 3/4
Reading summary statistics from ${ALPS_WORKSPACE_ROOT}/ALPS_GENETIC_ARCHITECTURE/03_LDSC/munged/right_ALPS.sumstats.gz ...
Read summary statistics for 1217311 SNPs.
After merging with summary statistics, 1105108 SNPs remain.
1105108 SNPs with valid alleles.

Heritability of phenotype 3/4
-----------------------------
Total Observed scale h2: 0.2874 (0.0227)
Lambda GC: 1.1491
Mean Chi^2: 1.1833
Intercept: 1.0021 (0.0073)
Ratio: 0.0116 (0.04)

Genetic Covariance
------------------
Total Observed scale gencov: 0.2912 (0.0225)
Mean z1*z2: 1.1395
Intercept: 0.9561 (0.0073)

Genetic Correlation
-------------------
Genetic Correlation: 0.983 (0.0026)
Z-score: 377.0006
P: 0.

Computing rg for phenotype 4/4
Reading summary statistics from ${ALPS_WORKSPACE_ROOT}/ALPS_GENETIC_ARCHITECTURE/Gate5C/03_LDSC_munged/BMI_GIANT_Locke2015.sumstats.gz ...
Read summary statistics for 1217311 SNPs.
After merging with summary statistics, 1105108 SNPs remain.
982919 SNPs with valid alleles.

Heritability of phenotype 4/4
-----------------------------
Total Observed scale h2: 0.1396 (0.0077)
Lambda GC: 1.0864
Mean Chi^2: 1.2791
Intercept: 0.6427 (0.0104)
Ratio < 0 (usually indicates GC correction).

Genetic Covariance
------------------
Total Observed scale gencov: -0.0115 (0.0061)
Mean z1*z2: -0.0125
Intercept: 0.0047 (0.0055)

Genetic Correlation
-------------------
Genetic Correlation: -0.0568 (0.0299)
Z-score: -1.8992
P: 0.0575


Summary of Genetic Correlation Results
                                                                                    p1                                                                                                          p2      rg     se        z      p  h2_obs  h2_obs_se  h2_int  h2_int_se  gcov_int  gcov_int_se
${ALPS_WORKSPACE_ROOT}/ALPS_GENETIC_ARCHITECTURE/03_LDSC/munged/mALPS.sumstats.gz                  ${ALPS_WORKSPACE_ROOT}/ALPS_GENETIC_ARCHITECTURE/03_LDSC/munged/left_ALPS.sumstats.gz  0.9806 0.0029 333.9506 0.0000  0.2855     0.0227  1.0034     0.0082    0.9500       0.0078
${ALPS_WORKSPACE_ROOT}/ALPS_GENETIC_ARCHITECTURE/03_LDSC/munged/mALPS.sumstats.gz                 ${ALPS_WORKSPACE_ROOT}/ALPS_GENETIC_ARCHITECTURE/03_LDSC/munged/right_ALPS.sumstats.gz  0.9830 0.0026 377.0006 0.0000  0.2874     0.0227  1.0021     0.0073    0.9561       0.0073
${ALPS_WORKSPACE_ROOT}/ALPS_GENETIC_ARCHITECTURE/03_LDSC/munged/mALPS.sumstats.gz ${ALPS_WORKSPACE_ROOT}/ALPS_GENETIC_ARCHITECTURE/Gate5C/03_LDSC_munged/BMI_GIANT_Locke2015.sumstats.gz -0.0568 0.0299  -1.8992 0.0575  0.1396     0.0077  0.6427     0.0104    0.0047       0.0055

Analysis finished at Sat Jul 25 13:25:13 2026
Total time elapsed: 10.46s
