*********************************************************************
* LD Score Regression (LDSC)
* Version 3.0.1
* (C) 2014-2019 Brendan Bulik-Sullivan and Hilary Finucane
* Broad Institute of MIT and Harvard / MIT Department of Mathematics
* GNU General Public License v3
*********************************************************************
Call: 
./ldsc.py \
--out ${ALPS_WORKSPACE_ROOT}/ALPS_GENETIC_ARCHITECTURE/Gate5C/04_LDSC_results/left_ALPS_WMH \
--rg ${ALPS_WORKSPACE_ROOT}/ALPS_GENETIC_ARCHITECTURE/03_LDSC/munged/left_ALPS.sumstats.gz,${ALPS_WORKSPACE_ROOT}/ALPS_GENETIC_ARCHITECTURE/Gate5C/03_LDSC_munged/WMH.sumstats.gz \
--ref-ld-chr ${ALPS_WORKSPACE_ROOT}/ALPS_GENETIC_ARCHITECTURE/03_LDSC/reference/eur_w_ld_chr/ \
--w-ld-chr ${ALPS_WORKSPACE_ROOT}/ALPS_GENETIC_ARCHITECTURE/03_LDSC/reference/eur_w_ld_chr/ 

Beginning analysis at Sat Jul 25 13:25:35 2026
Reading summary statistics from ${ALPS_WORKSPACE_ROOT}/ALPS_GENETIC_ARCHITECTURE/03_LDSC/munged/left_ALPS.sumstats.gz ...
Read summary statistics for 1110506 SNPs.
Reading reference panel LD Score from ${ALPS_WORKSPACE_ROOT}/ALPS_GENETIC_ARCHITECTURE/03_LDSC/reference/eur_w_ld_chr/[1-22] ... (ldscore_fromlist)
Read reference panel LD Scores for 1290028 SNPs.
Removing partitioned LD Scores with zero variance.
Reading regression weight LD Score from ${ALPS_WORKSPACE_ROOT}/ALPS_GENETIC_ARCHITECTURE/03_LDSC/reference/eur_w_ld_chr/[1-22] ... (ldscore_fromlist)
Read regression weight LD Scores for 1290028 SNPs.
After merging with reference panel LD, 1105108 SNPs remain.
After merging with regression SNP LD, 1105108 SNPs remain.
Computing rg for phenotype 2/2
Reading summary statistics from ${ALPS_WORKSPACE_ROOT}/ALPS_GENETIC_ARCHITECTURE/Gate5C/03_LDSC_munged/WMH.sumstats.gz ...
Read summary statistics for 1217311 SNPs.
After merging with summary statistics, 1105108 SNPs remain.
1067315 SNPs with valid alleles.

Heritability of phenotype 1
---------------------------
Total Observed scale h2: 0.2814 (0.0241)
Lambda GC: 1.1459
Mean Chi^2: 1.1857
Intercept: 1.0053 (0.009)
Ratio: 0.0287 (0.0484)

Heritability of phenotype 2/2
-----------------------------
Total Observed scale h2: 0.1833 (0.0172)
Lambda GC: 1.1207
Mean Chi^2: 1.1751
Intercept: 0.9916 (0.0088)
Ratio < 0 (usually indicates GC correction).

Genetic Covariance
------------------
Total Observed scale gencov: -0.0411 (0.012)
Mean z1*z2: -0.1353
Intercept: -0.1048 (0.0058)

Genetic Correlation
-------------------
Genetic Correlation: -0.1812 (0.0502)
Z-score: -3.6092
P: 0.0003


Summary of Genetic Correlation Results
                                                                                        p1                                                                                          p2      rg     se       z      p  h2_obs  h2_obs_se  h2_int  h2_int_se  gcov_int  gcov_int_se
${ALPS_WORKSPACE_ROOT}/ALPS_GENETIC_ARCHITECTURE/03_LDSC/munged/left_ALPS.sumstats.gz ${ALPS_WORKSPACE_ROOT}/ALPS_GENETIC_ARCHITECTURE/Gate5C/03_LDSC_munged/WMH.sumstats.gz -0.1812 0.0502 -3.6092 0.0003  0.1833     0.0172  0.9916     0.0088   -0.1048       0.0058

Analysis finished at Sat Jul 25 13:25:42 2026
Total time elapsed: 6.64s
