*********************************************************************
* LD Score Regression (LDSC)
* Version 3.0.1
* (C) 2014-2019 Brendan Bulik-Sullivan and Hilary Finucane
* Broad Institute of MIT and Harvard / MIT Department of Mathematics
* GNU General Public License v3
*********************************************************************
Call: 
./ldsc.py \
--out ${ALPS_WORKSPACE_ROOT}/ALPS_GENETIC_ARCHITECTURE/Gate5C/04_LDSC_results/right_ALPS_Insomnia_FinnGen_R13 \
--rg ${ALPS_WORKSPACE_ROOT}/ALPS_GENETIC_ARCHITECTURE/03_LDSC/munged/right_ALPS.sumstats.gz,${ALPS_WORKSPACE_ROOT}/ALPS_GENETIC_ARCHITECTURE/Gate5C/03_LDSC_munged/Insomnia_FinnGen_R13.sumstats.gz \
--ref-ld-chr ${ALPS_WORKSPACE_ROOT}/ALPS_GENETIC_ARCHITECTURE/03_LDSC/reference/eur_w_ld_chr/ \
--w-ld-chr ${ALPS_WORKSPACE_ROOT}/ALPS_GENETIC_ARCHITECTURE/03_LDSC/reference/eur_w_ld_chr/ 

Beginning analysis at Sat Jul 25 13:26:43 2026
Reading summary statistics from ${ALPS_WORKSPACE_ROOT}/ALPS_GENETIC_ARCHITECTURE/03_LDSC/munged/right_ALPS.sumstats.gz ...
Read summary statistics for 1110506 SNPs.
Reading reference panel LD Score from ${ALPS_WORKSPACE_ROOT}/ALPS_GENETIC_ARCHITECTURE/03_LDSC/reference/eur_w_ld_chr/[1-22] ... (ldscore_fromlist)
Read reference panel LD Scores for 1290028 SNPs.
Removing partitioned LD Scores with zero variance.
Reading regression weight LD Score from ${ALPS_WORKSPACE_ROOT}/ALPS_GENETIC_ARCHITECTURE/03_LDSC/reference/eur_w_ld_chr/[1-22] ... (ldscore_fromlist)
Read regression weight LD Scores for 1290028 SNPs.
After merging with reference panel LD, 1105108 SNPs remain.
After merging with regression SNP LD, 1105108 SNPs remain.
Computing rg for phenotype 2/2
Reading summary statistics from ${ALPS_WORKSPACE_ROOT}/ALPS_GENETIC_ARCHITECTURE/Gate5C/03_LDSC_munged/Insomnia_FinnGen_R13.sumstats.gz ...
Read summary statistics for 1217311 SNPs.
After merging with summary statistics, 1105108 SNPs remain.
1086647 SNPs with valid alleles.

Heritability of phenotype 1
---------------------------
Total Observed scale h2: 0.2898 (0.0242)
Lambda GC: 1.1491
Mean Chi^2: 1.185
Intercept: 1.0012 (0.0079)
Ratio: 0.0067 (0.0426)

Heritability of phenotype 2/2
-----------------------------
Total Observed scale h2: 0.0204 (0.0016)
Lambda GC: 1.2431
Mean Chi^2: 1.2756
Intercept: 1.0741 (0.0094)
Ratio: 0.269 (0.0341)

Genetic Covariance
------------------
Total Observed scale gencov: 0.0076 (0.004)
Mean z1*z2: 0.013
Intercept: -0.0059 (0.0057)

Genetic Correlation
-------------------
Genetic Correlation: 0.0988 (0.0525)
Z-score: 1.883
P: 0.0597


Summary of Genetic Correlation Results
                                                                                         p1                                                                                                           p2     rg     se      z      p  h2_obs  h2_obs_se  h2_int  h2_int_se  gcov_int  gcov_int_se
${ALPS_WORKSPACE_ROOT}/ALPS_GENETIC_ARCHITECTURE/03_LDSC/munged/right_ALPS.sumstats.gz ${ALPS_WORKSPACE_ROOT}/ALPS_GENETIC_ARCHITECTURE/Gate5C/03_LDSC_munged/Insomnia_FinnGen_R13.sumstats.gz 0.0988 0.0525 1.8830 0.0597  0.0204     0.0016  1.0741     0.0094   -0.0059       0.0057

Analysis finished at Sat Jul 25 13:26:49 2026
Total time elapsed: 6.47s
