*********************************************************************
* LD Score Regression (LDSC)
* Version 3.0.1
* (C) 2014-2019 Brendan Bulik-Sullivan and Hilary Finucane
* Broad Institute of MIT and Harvard / MIT Department of Mathematics
* GNU General Public License v3
*********************************************************************
Call: 
./ldsc.py \
--out ${ALPS_WORKSPACE_ROOT}/ALPS_GENETIC_ARCHITECTURE/Gate5C/04_LDSC_results/right_ALPS_BMI_GIANT_Locke2015 \
--rg ${ALPS_WORKSPACE_ROOT}/ALPS_GENETIC_ARCHITECTURE/03_LDSC/munged/right_ALPS.sumstats.gz,${ALPS_WORKSPACE_ROOT}/ALPS_GENETIC_ARCHITECTURE/Gate5C/03_LDSC_munged/BMI_GIANT_Locke2015.sumstats.gz \
--ref-ld-chr ${ALPS_WORKSPACE_ROOT}/ALPS_GENETIC_ARCHITECTURE/03_LDSC/reference/eur_w_ld_chr/ \
--w-ld-chr ${ALPS_WORKSPACE_ROOT}/ALPS_GENETIC_ARCHITECTURE/03_LDSC/reference/eur_w_ld_chr/ 

Beginning analysis at Sat Jul 25 13:26:58 2026
Reading summary statistics from ${ALPS_WORKSPACE_ROOT}/ALPS_GENETIC_ARCHITECTURE/03_LDSC/munged/right_ALPS.sumstats.gz ...
Read summary statistics for 1110506 SNPs.
Reading reference panel LD Score from ${ALPS_WORKSPACE_ROOT}/ALPS_GENETIC_ARCHITECTURE/03_LDSC/reference/eur_w_ld_chr/[1-22] ... (ldscore_fromlist)
Read reference panel LD Scores for 1290028 SNPs.
Removing partitioned LD Scores with zero variance.
Reading regression weight LD Score from ${ALPS_WORKSPACE_ROOT}/ALPS_GENETIC_ARCHITECTURE/03_LDSC/reference/eur_w_ld_chr/[1-22] ... (ldscore_fromlist)
Read regression weight LD Scores for 1290028 SNPs.
After merging with reference panel LD, 1105108 SNPs remain.
After merging with regression SNP LD, 1105108 SNPs remain.
Computing rg for phenotype 2/2
Reading summary statistics from ${ALPS_WORKSPACE_ROOT}/ALPS_GENETIC_ARCHITECTURE/Gate5C/03_LDSC_munged/BMI_GIANT_Locke2015.sumstats.gz ...
Read summary statistics for 1217311 SNPs.
After merging with summary statistics, 1105108 SNPs remain.
982919 SNPs with valid alleles.

Heritability of phenotype 1
---------------------------
Total Observed scale h2: 0.2781 (0.0237)
Lambda GC: 1.1491
Mean Chi^2: 1.1831
Intercept: 1.0066 (0.0082)
Ratio: 0.0362 (0.0447)

Heritability of phenotype 2/2
-----------------------------
Total Observed scale h2: 0.1396 (0.0077)
Lambda GC: 1.0864
Mean Chi^2: 1.2791
Intercept: 0.6427 (0.0104)
Ratio < 0 (usually indicates GC correction).

Genetic Covariance
------------------
Total Observed scale gencov: -0.0077 (0.0059)
Mean z1*z2: -0.0076
Intercept: 0.0031 (0.0054)

Genetic Correlation
-------------------
Genetic Correlation: -0.0392 (0.0297)
Z-score: -1.3226
P: 0.186


Summary of Genetic Correlation Results
                                                                                         p1                                                                                                          p2      rg     se       z      p  h2_obs  h2_obs_se  h2_int  h2_int_se  gcov_int  gcov_int_se
${ALPS_WORKSPACE_ROOT}/ALPS_GENETIC_ARCHITECTURE/03_LDSC/munged/right_ALPS.sumstats.gz ${ALPS_WORKSPACE_ROOT}/ALPS_GENETIC_ARCHITECTURE/Gate5C/03_LDSC_munged/BMI_GIANT_Locke2015.sumstats.gz -0.0392 0.0297 -1.3226 0.1860  0.1396     0.0077  0.6427     0.0104    0.0031       0.0054

Analysis finished at Sat Jul 25 13:27:04 2026
Total time elapsed: 6.37s
