*********************************************************************
* LD Score Regression (LDSC)
* Version 3.0.1
* (C) 2014-2019 Brendan Bulik-Sullivan and Hilary Finucane
* Broad Institute of MIT and Harvard / MIT Department of Mathematics
* GNU General Public License v3
*********************************************************************
Call: 
./ldsc.py \
--out ALPS_GENETIC_ARCHITECTURE/03_LDSC/h2/mALPS \
--h2 ALPS_GENETIC_ARCHITECTURE/03_LDSC/munged/mALPS.sumstats.gz \
--ref-ld-chr ALPS_GENETIC_ARCHITECTURE/03_LDSC/reference/eur_w_ld_chr/ \
--w-ld-chr ALPS_GENETIC_ARCHITECTURE/03_LDSC/reference/eur_w_ld_chr/ 

Beginning analysis at Sat Jul 25 10:41:33 2026
Reading summary statistics from ALPS_GENETIC_ARCHITECTURE/03_LDSC/munged/mALPS.sumstats.gz ...
Read summary statistics for 1110506 SNPs.
Reading reference panel LD Score from ALPS_GENETIC_ARCHITECTURE/03_LDSC/reference/eur_w_ld_chr/[1-22] ... (ldscore_fromlist)
Read reference panel LD Scores for 1290028 SNPs.
Removing partitioned LD Scores with zero variance.
Reading regression weight LD Score from ALPS_GENETIC_ARCHITECTURE/03_LDSC/reference/eur_w_ld_chr/[1-22] ... (ldscore_fromlist)
Read regression weight LD Scores for 1290028 SNPs.
After merging with reference panel LD, 1105108 SNPs remain.
After merging with regression SNP LD, 1105108 SNPs remain.
Using two-step estimator with cutoff at 30.
Total Observed scale h2: 0.3015 (0.0227)
Lambda GC: 1.1587
Mean Chi^2: 1.195
Intercept: 1.0052 (0.0076)
Ratio: 0.0265 (0.0392)
Analysis finished at Sat Jul 25 10:41:38 2026
Total time elapsed: 5.41s
